DEBUG tests/libex29_tests.c:60: ----- RUNNING: ./tests/libex29_tests
DEBUG tests/libex29_tests.c:52: 
----- test_dlopen
DEBUG tests/libex29_tests.c:53: 
----- test_functions
DEBUG tests/libex29_tests.c:54: 
----- test_failures
DEBUG tests/libex29_tests.c:55: 
----- test_dlclose
DEBUG tests/libex29_tests.c:60: ----- RUNNING: ./tests/libex29_tests
DEBUG tests/libex29_tests.c:52: 
----- test_dlopen
DEBUG tests/libex29_tests.c:53: 
----- test_functions
DEBUG tests/libex29_tests.c:54: 
----- test_failures
DEBUG tests/libex29_tests.c:55: 
----- test_dlclose
